Last login: Sun Nov 26 15:45:00 on ttys000
zarnitun@Zarnis-MacBook-Air ~ % ls 
Applications	Downloads	Library		Pictures	PycharmProjects	wekafiles
Desktop		Final Semester 	Movies		Projects	Unity		xgen
Documents	IdeaProjects	Music		Public		Vscode
zarnitun@Zarnis-MacBook-Air ~ % cd Vscode 
zarnitun@Zarnis-MacBook-Air Vscode % ls
Coursea 	Sprinboard 
zarnitun@Zarnis-MacBook-Air Vscode % cd Sprinboard\  
zarnitun@Zarnis-MacBook-Air Sprinboard  % cd
zarnitun@Zarnis-MacBook-Air ~ % ls
Applications	Downloads	Library		Pictures	PycharmProjects	wekafiles
Desktop		Final Semester 	Movies		Projects	Unity		xgen
Documents	IdeaProjects	Music		Public		Vscode
zarnitun@Zarnis-MacBook-Air ~ % cd Vscode 
zarnitun@Zarnis-MacBook-Air Vscode % ls
Coursea 	Sprinboard 
zarnitun@Zarnis-MacBook-Air Vscode % cd Sprinboard\  
zarnitun@Zarnis-MacBook-Air Sprinboard  % ls
CSS			HTML			Meme Assessment		course Start
First Mandatory Test	JAVASCRIPT		Test			memory-game
zarnitun@Zarnis-MacBook-Air Sprinboard  % cd course\ Start 
zarnitun@Zarnis-MacBook-Air course Start % ls
GitTest				Teststuuf			learn_git_again			test.html
LocalStorage			Teststuuf copy			mock sub 10.2			testjsava.js
Random Colors Exercise		Timers fucntion 		style.css
Subunit 10.3			js-dom-intro-selecting-demo	terminal-Test
zarnitun@Zarnis-MacBook-Air course Start % cd lera
cd: no such file or directory: lera
zarnitun@Zarnis-MacBook-Air course Start % cd learn_git_again 
zarnitun@Zarnis-MacBook-Air learn_git_again % git status
On branch master
All conflicts fixed but you are still merging.
  (use "git commit" to conclude merge)

Changes to be committed:
	new file:   thingy.txt

zarnitun@Zarnis-MacBook-Air learn_git_again % git reset
zarnitun@Zarnis-MacBook-Air learn_git_again % git status
On branch master
Untracked files:
  (use "git add <file>..." to include in what will be committed)
	thingy.txt

nothing added to commit but untracked files present (use "git add" to track)
zarnitun@Zarnis-MacBook-Air learn_git_again % git branch
  add-hmtl
* master
zarnitun@Zarnis-MacBook-Air learn_git_again % git branch
  add-hmtl
* master
zarnitun@Zarnis-MacBook-Air learn_git_again % git status
On branch master
nothing to commit, working tree clean
zarnitun@Zarnis-MacBook-Air learn_git_again % git checkout add-hmtl
Switched to branch 'add-hmtl'
zarnitun@Zarnis-MacBook-Air learn_git_again % git status
On branch add-hmtl
nothing to commit, working tree clean
zarnitun@Zarnis-MacBook-Air learn_git_again % git checkout master
Switched to branch 'master'
zarnitun@Zarnis-MacBook-Air learn_git_again % git merge add-hmtl "changed into master from add-hmtl"
merge: changed into master from add-hmtl - not something we can merge
zarnitun@Zarnis-MacBook-Air learn_git_again % git merge add-hmtl
hint: Waiting for your editor to close the file... error: There was a problem with the editor 'vi'.
Not committing merge; use 'git commit' to complete the merge.
zarnitun@Zarnis-MacBook-Air learn_git_again % git commit 
[master d5537b8] Merge branch 'add-hmtl'
zarnitun@Zarnis-MacBook-Air learn_git_again % git status
On branch master
nothing to commit, working tree clean
zarnitun@Zarnis-MacBook-Air learn_git_again % git branch
  add-hmtl
* master
zarnitun@Zarnis-MacBook-Air learn_git_again % git log
commit d5537b811d8be98d147a3b75545cffef901ba655 (HEAD -> master)
Merge: dd412f5 b09c6af
Author: Zar Ni Tun <zarnitunkt@gmail.com>
Date:   Sun Nov 26 16:03:23 2023 +0630

    Merge branch 'add-hmtl'
    
    asdfasdfasdf

commit b09c6af9b02a0c2a9a260c28911b395a4adbeac7 (add-hmtl)
Author: Zar Ni Tun <zarnitunkt@gmail.com>
Date:   Sun Nov 26 15:51:56 2023 +0630

    add new txt file

commit dd412f5a08c7766934fc8fe95b94a256135975ea
Merge: ac17cc3 68c3fa4
Author: Zar Ni Tun <zarnitunkt@gmail.com>
Date:   Sun Nov 26 15:46:21 2023 +0630

    merge into master

commit ac17cc3546b79c43c59c59a63b260b35475e52ec
Author: Zar Ni Tun <zarnitunkt@gmail.com>
Date:   Sun Nov 26 12:52:11 2023 +0630

    add some styles

commit 68c3fa4bd788624b238e926f0d4e21c8652243ae
Author: Zar Ni Tun <zarnitunkt@gmail.com>
Date:   Sat Nov 25 22:59:46 2023 +0630

    Add heading

commit 1bc430d34e83477c0a2705ff23803e14b12f7898
Author: Zar Ni Tun <zarnitunkt@gmail.com>
Date:   Sat Nov 25 22:46:38 2023 +0630

    Add Thingy.html

commit d4199b0d0c78e8374cf5e1369c7940d42f9655f8
Author: Zar Ni Tun <zarnitunkt@gmail.com>
Date:   Sat Nov 25 22:42:13 2023 +0630

    initial commit of files
zarnitun@Zarnis-MacBook-Air learn_git_again % git log --oneline
d5537b8 (HEAD -> master) Merge branch 'add-hmtl'
b09c6af (add-hmtl) add new txt file
dd412f5 merge into master
ac17cc3 add some styles
68c3fa4 Add heading
1bc430d Add Thingy.html
d4199b0 initial commit of files
zarnitun@Zarnis-MacBook-Air learn_git_again % git checkout add-hmtl
Switched to branch 'add-hmtl'
zarnitun@Zarnis-MacBook-Air learn_git_again % git branch
* add-hmtl
  master
zarnitun@Zarnis-MacBook-Air learn_git_again % git checkout master
Switched to branch 'master'
zarnitun@Zarnis-MacBook-Air learn_git_again % git branch
  add-hmtl
* master
zarnitun@Zarnis-MacBook-Air learn_git_again % git branch -d add-hmtl
Deleted branch add-hmtl (was b09c6af).
zarnitun@Zarnis-MacBook-Air learn_git_again % git branch
* master
zarnitun@Zarnis-MacBook-Air learn_git_again % git checkout -b hoho
Switched to a new branch 'hoho'
zarnitun@Zarnis-MacBook-Air learn_git_again % git branch
* hoho
  master
zarnitun@Zarnis-MacBook-Air learn_git_again % ls 
script.js	style.css	thingy.html	thingy.txt
zarnitun@Zarnis-MacBook-Air learn_git_again % touch hee.txt
zarnitun@Zarnis-MacBook-Air learn_git_again % git status
On branch hoho
Untracked files:
  (use "git add <file>..." to include in what will be committed)
	hee.txt

nothing added to commit but untracked files present (use "git add" to track)
zarnitun@Zarnis-MacBook-Air learn_git_again % git add hee.txt
zarnitun@Zarnis-MacBook-Air learn_git_again % git status  
On branch hoho
Changes to be committed:
  (use "git restore --staged <file>..." to unstage)
	new file:   hee.txt

zarnitun@Zarnis-MacBook-Air learn_git_again % git commit -m "add new txt hee"
[hoho cb4a8fb] add new txt hee
 1 file changed, 0 insertions(+), 0 deletions(-)
 create mode 100644 hee.txt
zarnitun@Zarnis-MacBook-Air learn_git_again % git status
On branch hoho
nothing to commit, working tree clean
zarnitun@Zarnis-MacBook-Air learn_git_again % git branch
* hoho
  master
zarnitun@Zarnis-MacBook-Air learn_git_again % git checkout mater
error: pathspec 'mater' did not match any file(s) known to git
zarnitun@Zarnis-MacBook-Air learn_git_again % git checkout master
Switched to branch 'master'
zarnitun@Zarnis-MacBook-Air learn_git_again % git status
On branch master
nothing to commit, working tree clean
zarnitun@Zarnis-MacBook-Air learn_git_again % git branch
  hoho
* master
zarnitun@Zarnis-MacBook-Air learn_git_again % git merge hoho
Updating d5537b8..cb4a8fb
Fast-forward
 hee.txt | 0
 1 file changed, 0 insertions(+), 0 deletions(-)
 create mode 100644 hee.txt
zarnitun@Zarnis-MacBook-Air learn_git_again % git branch
  hoho
* master
zarnitun@Zarnis-MacBook-Air learn_git_again % git status
On branch master
nothing to commit, working tree clean
zarnitun@Zarnis-MacBook-Air learn_git_again % git log --oneline
cb4a8fb (HEAD -> master, hoho) add new txt hee
d5537b8 Merge branch 'add-hmtl'
b09c6af add new txt file
dd412f5 merge into master
ac17cc3 add some styles
68c3fa4 Add heading
1bc430d Add Thingy.html
d4199b0 initial commit of files
zarnitun@Zarnis-MacBook-Air learn_git_again % ls
hee.txt		script.js	style.css	thingy.html	thingy.txt
zarnitun@Zarnis-MacBook-Air learn_git_again % cd
zarnitun@Zarnis-MacBook-Air ~ % ls
Applications	Downloads	Library		Pictures	PycharmProjects	wekafiles
Desktop		Final Semester 	Movies		Projects	Unity		xgen
Documents	IdeaProjects	Music		Public		Vscode
zarnitun@Zarnis-MacBook-Air ~ % cd Vscode 
zarnitun@Zarnis-MacBook-Air Vscode % ls
Coursea 	Sprinboard 
zarnitun@Zarnis-MacBook-Air Vscode % cd Sprinboard\  
zarnitun@Zarnis-MacBook-Air Sprinboard  % ls
CSS			HTML			Meme Assessment		course Start
First Mandatory Test	JAVASCRIPT		Test			memory-game
zarnitun@Zarnis-MacBook-Air Sprinboard  % cd course\ Start 
zarnitun@Zarnis-MacBook-Air course Start % ls
GitTest				Teststuuf			learn_git_again			test.html
LocalStorage			Teststuuf copy			mock sub 10.2			testjsava.js
Random Colors Exercise		Timers fucntion 		style.css
Subunit 10.3			js-dom-intro-selecting-demo	terminal-Test
zarnitun@Zarnis-MacBook-Air course Start % mkdir 2_git_test
zarnitun@Zarnis-MacBook-Air course Start % ls
2_git_test			Subunit 10.3			js-dom-intro-selecting-demo	terminal-Test
GitTest				Teststuuf			learn_git_again			test.html
LocalStorage			Teststuuf copy			mock sub 10.2			testjsava.js
Random Colors Exercise		Timers fucntion 		style.css
zarnitun@Zarnis-MacBook-Air course Start % cd 2_git_test 
zarnitun@Zarnis-MacBook-Air 2_git_test % ls
zarnitun@Zarnis-MacBook-Air 2_git_test % touch index.html
zarnitun@Zarnis-MacBook-Air 2_git_test % ls
index.html
zarnitun@Zarnis-MacBook-Air 2_git_test % touch style.css
zarnitun@Zarnis-MacBook-Air 2_git_test % touch
usage: touch [-A [-][[hh]mm]SS] [-achm] [-r file] [-t [[CC]YY]MMDDhhmm[.SS]]
       [-d YYYY-MM-DDThh:mm:SS[.frac][tz]] file ...
zarnitun@Zarnis-MacBook-Air 2_git_test % ls
index.html	style.css
zarnitun@Zarnis-MacBook-Air 2_git_test % git init
hint: Using 'master' as the name for the initial branch. This default branch name
hint: is subject to change. To configure the initial branch name to use in all
hint: of your new repositories, which will suppress this warning, call:
hint: 
hint: 	git config --global init.defaultBranch <name>
hint: 
hint: Names commonly chosen instead of 'master' are 'main', 'trunk' and
hint: 'development'. The just-created branch can be renamed via this command:
hint: 
hint: 	git branch -m <name>
Initialized empty Git repository in /Users/zarnitun/Vscode/Sprinboard /course Start/2_git_test/.git/
zarnitun@Zarnis-MacBook-Air 2_git_test % git status
On branch master

No commits yet

Untracked files:
  (use "git add <file>..." to include in what will be committed)
	index.html
	style.css

nothing added to commit but untracked files present (use "git add" to track)
zarnitun@Zarnis-MacBook-Air 2_git_test % git add .
zarnitun@Zarnis-MacBook-Air 2_git_test % git commit -m "initialize index and style"
[master (root-commit) 27ea454] initialize index and style
 2 files changed, 0 insertions(+), 0 deletions(-)
 create mode 100644 index.html
 create mode 100644 style.css
zarnitun@Zarnis-MacBook-Air 2_git_test % git log --oneline
27ea454 (HEAD -> master) initialize index and style
zarnitun@Zarnis-MacBook-Air 2_git_test % git checkout -b newstyle
Switched to a new branch 'newstyle'
zarnitun@Zarnis-MacBook-Air 2_git_test % git status
On branch newstyle
nothing to commit, working tree clean
zarnitun@Zarnis-MacBook-Air 2_git_test % git branch
  master
* newstyle
zarnitun@Zarnis-MacBook-Air 2_git_test % git status
On branch newstyle
Changes not staged for commit:
  (use "git add <file>..." to update what will be committed)
  (use "git restore <file>..." to discard changes in working directory)
	modified:   index.html
	modified:   style.css

no changes added to commit (use "git add" and/or "git commit -a")
zarnitun@Zarnis-MacBook-Air 2_git_test % git add .
zarnitun@Zarnis-MacBook-Air 2_git_test % git commit -m 
error: switch `m' requires a value
zarnitun@Zarnis-MacBook-Air 2_git_test % git commit -m "changes to style "
[newstyle 086b572] changes to style
 2 files changed, 15 insertions(+)
zarnitun@Zarnis-MacBook-Air 2_git_test % git status
On branch newstyle
nothing to commit, working tree clean
zarnitun@Zarnis-MacBook-Air 2_git_test % git log --oneline
086b572 (HEAD -> newstyle) changes to style
27ea454 (master) initialize index and style
zarnitun@Zarnis-MacBook-Air 2_git_test % git checkout master
Switched to branch 'master'
zarnitun@Zarnis-MacBook-Air 2_git_test % git status
On branch master
Changes not staged for commit:
  (use "git add <file>..." to update what will be committed)
  (use "git restore <file>..." to discard changes in working directory)
	modified:   style.css

no changes added to commit (use "git add" and/or "git commit -a")
zarnitun@Zarnis-MacBook-Air 2_git_test % git add .
zarnitun@Zarnis-MacBook-Air 2_git_test % git commit -m "change background" 
[master adbdd35] change background
 1 file changed, 3 insertions(+)
zarnitun@Zarnis-MacBook-Air 2_git_test % git log --oneline
adbdd35 (HEAD -> master) change background
27ea454 initialize index and style
zarnitun@Zarnis-MacBook-Air 2_git_test % git branch
* master
  newstyle
zarnitun@Zarnis-MacBook-Air 2_git_test % git merge newstyle   
Merge made by the 'ort' strategy.
 index.html | 12 ++++++++++++
 1 file changed, 12 insertions(+)
zarnitun@Zarnis-MacBook-Air 2_git_test % git status
On branch master
nothing to commit, working tree clean
zarnitun@Zarnis-MacBook-Air 2_git_test % git bracnh
git: 'bracnh' is not a git command. See 'git --help'.

The most similar command is
	branch
zarnitun@Zarnis-MacBook-Air 2_git_test % git branc 
git: 'branc' is not a git command. See 'git --help'.
zarnitun@Zarnis-MacBook-Air 2_git_test % git branch
* master
  newstyle
zarnitun@Zarnis-MacBook-Air 2_git_test % git status
On branch master
Changes not staged for commit:
  (use "git add <file>..." to update what will be committed)
  (use "git restore <file>..." to discard changes in working directory)
	modified:   style.css

no changes added to commit (use "git add" and/or "git commit -a")
zarnitun@Zarnis-MacBook-Air 2_git_test % git add .
zarnitun@Zarnis-MacBook-Air 2_git_test % git commit -m "change to black"
[master 93d795b] change to black
 1 file changed, 1 insertion(+), 1 deletion(-)
zarnitun@Zarnis-MacBook-Air 2_git_test % git status
On branch master
nothing to commit, working tree clean
zarnitun@Zarnis-MacBook-Air 2_git_test % git status
On branch master
nothing to commit, working tree clean
zarnitun@Zarnis-MacBook-Air 2_git_test % git checkout master
Already on 'master'
zarnitun@Zarnis-MacBook-Air 2_git_test % git chekcout newstyle
git: 'chekcout' is not a git command. See 'git --help'.

The most similar command is
	checkout
zarnitun@Zarnis-MacBook-Air 2_git_test % git checkout newstyle
Switched to branch 'newstyle'
zarnitun@Zarnis-MacBook-Air 2_git_test % git branch
  master
* newstyle
zarnitun@Zarnis-MacBook-Air 2_git_test % git add .
zarnitun@Zarnis-MacBook-Air 2_git_test % git commit -m "change to green"
[newstyle 1b6685b] change to green
 1 file changed, 1 insertion(+), 1 deletion(-)
zarnitun@Zarnis-MacBook-Air 2_git_test % git status
On branch newstyle
nothing to commit, working tree clean
zarnitun@Zarnis-MacBook-Air 2_git_test % git checkout master
Switched to branch 'master'
zarnitun@Zarnis-MacBook-Air 2_git_test % git merge newstyle
Auto-merging style.css
CONFLICT (content): Merge conflict in style.css
Automatic merge failed; fix conflicts and then commit the result.
zarnitun@Zarnis-MacBook-Air 2_git_test % git status
On branch master
You have unmerged paths.
  (fix conflicts and run "git commit")
  (use "git merge --abort" to abort the merge)

Unmerged paths:
  (use "git add <file>..." to mark resolution)
	both modified:   style.css

no changes added to commit (use "git add" and/or "git commit -a")
zarnitun@Zarnis-MacBook-Air 2_git_test % git add.
git: 'add.' is not a git command. See 'git --help'.

The most similar command is
	add
zarnitun@Zarnis-MacBook-Air 2_git_test % git add .
zarnitun@Zarnis-MacBook-Air 2_git_test % git commit -m "final changes" 
[master c654eb4] final changes
zarnitun@Zarnis-MacBook-Air 2_git_test % git status
On branch master
nothing to commit, working tree clean
zarnitun@Zarnis-MacBook-Air 2_git_test % git log --oneline
c654eb4 (HEAD -> master) final changes
1b6685b (newstyle) change to green
93d795b change to black
b41b647 Merge branch 'newstyle' boogiwoogi
adbdd35 change background
086b572 changes to style
27ea454 initialize index and style
zarnitun@Zarnis-MacBook-Air 2_git_test % ls 
index.html	style.css
zarnitun@Zarnis-MacBook-Air 2_git_test % touch gittest.txt
zarnitun@Zarnis-MacBook-Air 2_git_test % open gittext.txt
The file /Users/zarnitun/Vscode/Sprinboard /course Start/2_git_test/gittext.txt does not exist.
zarnitun@Zarnis-MacBook-Air 2_git_test % ls
gittest.txt	index.html	style.css
zarnitun@Zarnis-MacBook-Air 2_git_test % git add .      
zarnitun@Zarnis-MacBook-Air 2_git_test % git commit -m "add text file"
[master c8ab119] add text file
 1 file changed, 0 insertions(+), 0 deletions(-)
 create mode 100644 gittest.txt
zarnitun@Zarnis-MacBook-Air 2_git_test % git status
On branch master
nothing to commit, working tree clean
zarnitun@Zarnis-MacBook-Air 2_git_test % git branch
* master
  newstyle
zarnitun@Zarnis-MacBook-Air 2_git_test % git status
On branch master
Changes not staged for commit:
  (use "git add <file>..." to update what will be committed)
  (use "git restore <file>..." to discard changes in working directory)
	modified:   gittest.txt

no changes added to commit (use "git add" and/or "git commit -a")
zarnitun@Zarnis-MacBook-Air 2_git_test % git add .
zarnitun@Zarnis-MacBook-Air 2_git_test % git commit -m "add test text" 
[master 3fe78ce] add test text
 1 file changed, 9 insertions(+)
zarnitun@Zarnis-MacBook-Air 2_git_test % git status
On branch master
nothing to commit, working tree clean
zarnitun@Zarnis-MacBook-Air 2_git_test % git log --oneline
3fe78ce (HEAD -> master) add test text
c8ab119 add text file
c654eb4 final changes
1b6685b (newstyle) change to green
93d795b change to black
b41b647 Merge branch 'newstyle' boogiwoogi
adbdd35 change background
086b572 changes to style
27ea454 initialize index and style
zarnitun@Zarnis-MacBook-Air 2_git_test % 
